$ cd /workspace/shadcn-ui && cp /workspace/uploads/ba048491-a2e4-46c3-b15b-e11d1beb5e14\ \(1\).jpg public/assets/brasilia-logo.jpg
$ cd /workspace/shadcn-ui && cp /workspace/uploads/Emblema_da_Forca_e_Determinacao\ \(1\).png public/assets/bope-logo.png

$ cd /workspace/shadcn-ui && pnpm run build && pnpm run lint


> shadcnui@ build /workspace/shadcn-ui
> vite build

vite v5.4.19 building for production...
transforming...
✓ 1809 modules transformed.
rendering chunks...
computing gzip size...
dist/index.html                   0.89 kB │ gzip:   0.44 kB
dist/assets/index-DHqUrrHa.css   69.32 kB │ gzip:  12.29 kB
dist/assets/index-D_NHraAU.js   584.37 kB │ gzip: 174.93 kB

(!) Some chunks are larger than 500 kB after minification. Consider:
- Using dynamic import() to code-split the application
- Use build.rollupOptions.output.manualChunks to improve chunking: https://rollupjs.org/configuration-options/#output-manualchunks
- Adjust chunk size limit for this warning via build.chunkSizeWarningLimit.
✓ built in 8.66s

> shadcnui@ lint /workspace/shadcn-ui
> eslint --quiet ./src

$ find /workspace/shadcn-ui/src -name "*.tsx" -type f | grep -E "(Dashboard|Admin)" | head -5

/workspace/shadcn-ui/src/pages/Admin.tsx
/workspace/shadcn-ui/src/pages/Dashboard.tsx
$ cd /workspace/shadcn-ui && find src/pages -name "*.tsx" -type f | head -10

src/pages/Admin.tsx
src/pages/Dashboard.tsx
src/pages/Index.tsx
src/pages/Login.tsx
src/pages/NewRecord.tsx
src/pages/NotFound.tsx
src/pages/Welcome.tsx
$ cd /workspace/shadcn-ui && pnpm run build && pnpm run lint


> shadcnui@ build /workspace/shadcn-ui
> vite build

vite v5.4.19 building for production...
transforming...
✓ 1809 modules transformed.
rendering chunks...
computing gzip size...
dist/index.html                   0.89 kB │ gzip:   0.44 kB
dist/assets/index-zpqmOLt-.css   69.82 kB │ gzip:  12.36 kB
dist/assets/index-mf389Eef.js   598.99 kB │ gzip: 176.69 kB

(!) Some chunks are larger than 500 kB after minification. Consider:
- Using dynamic import() to code-split the application
- Use build.rollupOptions.output.manualChunks to improve chunking: https://rollupjs.org/configuration-options/#output-manualchunks
- Adjust chunk size limit for this warning via build.chunkSizeWarningLimit.
✓ built in 6.91s

> shadcnui@ lint /workspace/shadcn-ui
> eslint --quiet ./src

$ cd /workspace/shadcn-ui && find src -name "*.ts" -o -name "*.tsx" | xargs grep -l "passwordHash.*matheus21" | head -5

src/lib/auth.ts
$ cd /workspace/shadcn-ui && node -e "const crypto = require('crypto'); const password = 'matheus21'; const hash = crypto.createHash('sha256').update(password).digest('hex'); console.log(hash);"

51fb088c4e9b4ee42f5e415b16cb9e594c87b8dd118d54c675523207cc3aa040
$ cd /workspace/shadcn-ui && npx ts-node -e "
const crypto = require('crypto');
const password = 'matheus21';
const encoder = new TextEncoder();
const data = encoder.encode(password);
crypto.subtle.digest('SHA-256', data).then(hashBuffer => {
  const hashArray = Array.from(new Uint8Array(hashBuffer));
  const hash = hashArray.map(b => b.toString(16).padStart(2, '0')).join('');
  console.log('Hash correto:', hash);
});
"

npm WARN exec The following package was not found and will be installed: ts-node@10.9.2
[eval].ts(2,7): error TS2451: Cannot redeclare block-scoped variable 'crypto'.

npm notice 
npm notice New major version of npm available! 10.2.4 -> 11.6.2
npm notice Changelog: <https://github.com/npm/cli/releases/tag/v11.6.2>
npm notice Run `npm install -g npm@11.6.2` to update!
npm notice 
