$ cd /workspace/shadcn-ui && grep -n "localStorage.setItem('individual_data'" src/ -r
src/pages/Dashboard.tsx:205:    localStorage.setItem('individual_data', JSON.stringify({
$ cd /workspace/shadcn-ui && pnpm run lint


> shadcnui@ lint /workspace/shadcn-ui
> eslint --quiet ./src

$ cd /workspace/shadcn-ui && pnpm run lint


> shadcnui@ lint /workspace/shadcn-ui
> eslint --quiet ./src

$ cd /workspace/shadcn-ui && pnpm run lint


> shadcnui@ lint /workspace/shadcn-ui
> eslint --quiet ./src

$ cd /workspace/shadcn-ui && pnpm run lint


> shadcnui@ lint /workspace/shadcn-ui
> eslint --quiet ./src

$ cd /workspace/shadcn-ui && cat src/pages/NewRecord.tsx | head -20

import { useState, useEffect, useRef, useCallback } from 'react';
import { useNavigate } from 'react-router-dom';
import { Button } from '@/components/ui/button';
import { Input } from '@/components/ui/input';
import { Textarea } from '@/components/ui/textarea';
import { Card, CardContent, CardDescription, CardHeader, CardTitle } from '@/components/ui/card';
import { Label } from '@/components/ui/label';
import { Checkbox } from '@/components/ui/checkbox';
import { Select, SelectContent, SelectItem, SelectTrigger, SelectValue } from '@/components/ui/select';
import { ArrowLeft, Save, Loader2, Image as ImageIcon, X, Upload, Check, AlertTriangle } from 'lucide-react';
import { getCurrentUser, canCreateRecords } from '@/lib/auth';
import { sendToDiscord, getSettings } from '@/lib/storage';
import { createRecord, createLog, uploadImage, getStorageUsage } from '@/lib/supabase-storage';
import { PrisonRecord } from '@/types';
import { toast } from 'sonner';

// Helper function to compress image
const compressImage = async (base64Image: string, maxSizeMB: number = 0.5): Promise<string> => {
  return new Promise((resolve) => {
    const img = new Image();
$ cd /workspace/shadcn-ui && tail -50 src/pages/NewRecord.tsx

                    id="database"
                    checked={saveToDatabase}
                    onCheckedChange={handleDatabaseChange}
                    disabled={loading}
                    className="border-slate-600 data-[state=checked]:bg-yellow-600"
                  />
                  <Label
                    htmlFor="database"
                    className="text-slate-300 cursor-pointer select-none"
                  >
                    Salvar no Banco de Dados (Supabase)
                  </Label>
                </div>
              </div>

              <div className="flex gap-4 pt-4">
                <Button
                  type="button"
                  variant="outline"
                  onClick={() => navigate('/dashboard')}
                  className="flex-1 bg-slate-800 border-slate-600 text-white hover:bg-slate-700"
                  disabled={loading}
                >
                  Cancelar
                </Button>
                <Button
                  type="submit"
                  className="flex-1 bg-gradient-to-r from-yellow-600 to-red-600 hover:from-yellow-700 hover:to-red-700 font-semibold"
                  disabled={loading}
                >
                  {loading ? (
                    <>
                      <Loader2 className="h-4 w-4 mr-2 animate-spin" />
                      Salvando...
                    </>
                  ) : (
                    <>
                      <Save className="h-4 w-4 mr-2" />
                      Salvar Registro
                    </>
                  )}
                </Button>
              </div>
            </form>
          </CardContent>
        </Card>
      </div>
    </div>
  );
}$ cd /workspace/shadcn-ui && wc -l src/pages/NewRecord.tsx

671 src/pages/NewRecord.tsx
$ cd /workspace/shadcn-ui && grep -n "export default" src/pages/NewRecord.tsx

61:export default function NewRecord() {
$ cd /workspace/shadcn-ui && sed -n '660,671p' src/pages/NewRecord.tsx

                      <Save className="h-4 w-4 mr-2" />
                      Salvar Registro
                    </>
                  )}
                </Button>
              </div>
            </form>
          </CardContent>
        </Card>
      </div>
    </div>
  );
$ cd /workspace/shadcn-ui && echo "}" >> src/pages/NewRecord.tsx

$ cd /workspace/shadcn-ui && tail -5 src/pages/NewRecord.tsx

        </Card>
      </div>
    </div>
  );
}}
$ cd /workspace/shadcn-ui && sed -i '$ d' src/pages/NewRecord.tsx

$ cd /workspace/shadcn-ui && tail -5 src/pages/NewRecord.tsx

          </CardContent>
        </Card>
      </div>
    </div>
  );
$ cd /workspace/shadcn-ui && echo "}" >> src/pages/NewRecord.tsx && tail -3 src/pages/NewRecord.tsx

    </div>
  );
}
$ cd /workspace/shadcn-ui && pnpm run lint


> shadcnui@ lint /workspace/shadcn-ui
> eslint --quiet ./src

$ cd /workspace/shadcn-ui && pnpm run lint


> shadcnui@ lint /workspace/shadcn-ui
> eslint --quiet ./src

$ cd /workspace/shadcn-ui && cat src/lib/supabase-storage.ts | grep -A 5 "const APP_ID"

const APP_ID = 'd1fb97baaa';
const USERS_TABLE = `app_${APP_ID}_users`;
const RECORDS_TABLE = `app_${APP_ID}_records`;
const LOGS_TABLE = `app_${APP_ID}_logs`;
const STORAGE_BUCKET = `app_${APP_ID}_photos`;

$ cd /workspace/shadcn-ui && pnpm run lint


> shadcnui@ lint /workspace/shadcn-ui
> eslint --quiet ./src


/workspace/shadcn-ui/src/pages/NewRecord.tsx
  79:58  error  Unexpected any. Specify a different type  @typescript-eslint/no-explicit-any

✖ 1 problem (1 error, 0 warnings)

 ELIFECYCLE  Command failed with exit code 1.
$ cd /workspace/shadcn-ui && pnpm run lint


> shadcnui@ lint /workspace/shadcn-ui
> eslint --quiet ./src

$ cd /workspace/shadcn-ui && pnpm run lint


> shadcnui@ lint /workspace/shadcn-ui
> eslint --quiet ./src

$ cp "/workspace/uploads/ba048491-a2e4-46c3-b15b-e11d1beb5e14 (2).jpg" /workspace/shadcn-ui/public/assets/brasilia-logo.jpg

$ cp "/workspace/uploads/Emblema_da_Forca_e_Determinacao (2).png" /workspace/shadcn-ui/public/assets/bope-logo.png

$ cd /workspace/shadcn-ui && pnpm run lint


> shadcnui@ lint /workspace/shadcn-ui
> eslint --quiet ./src

$ cp "/workspace/uploads/Emblema_da_Forca_e_Determinacao (3).png" /workspace/shadcn-ui/public/favicon.svg

$ cp "/workspace/uploads/image (2).png" /workspace/shadcn-ui/public/assets/main-logo.png

$ cd /workspace/shadcn-ui && pnpm run lint


> shadcnui@ lint /workspace/shadcn-ui
> eslint --quiet ./src

$ cp "/workspace/uploads/ba048491-a2e4-46c3-b15b-e11d1beb5e14 (3).jpg" /workspace/shadcn-ui/public/assets/brasilia-logo.jpg

$ cp "/workspace/uploads/Emblema_da_Forca_e_Determinacao (4).png" /workspace/shadcn-ui/public/assets/bope-logo.png

